    Activate
    AddButton
    AddCheck
    AddClock
    AddDropDown
    AddDropDownS
    AddEditBox
    AddFlip
    AddHandler
    AddIcon
    AddList
    AddProgressBar
    AddRadioButton
    AddSlider
    AddSliderFloat
    AddStatusField
    AddTab
    AddTabRuler
    AddTag
    AddTextBox
    Attend
    AutoHotKeys
    BrowseTo
    BrowseToF
    BrowseToL
    cgui_calloc
    cgui_colors DATA
    cgui_desktop_id DATA
    cgui_drop_down_list_row_spacing DATA
    CguiEditBoxSetSelectionMode
    CguiEventIterateFunction
    CguiListBoxRowGetClickedColumn
    CguiListBoxRowSetBar
    CguiListBoxSetColumnSelection
    CguiListBoxSetToolTip
    cgui_list_fix_digits DATA
    CGUI_list_fixfont DATA
    CGUI_list_font DATA
    cgui_list_no_multiple_row_selection DATA
    CGUI_list_row_b_color DATA
    CGUI_list_row_f_color DATA
    CGUI_list_row_font DATA
    cgui_list_show_focused_row DATA
    CGUI_list_vspace DATA
    CguiLoadImage
    cgui_malloc
    cgui_minor_rev DATA
    cgui_mouse_draw_in_interrupt DATA
    CguiParseLabels
    cgui_realloc
    cgui_release_date DATA
    cgui_rev DATA
    CguiSetBaseLine
    CguiSetColor
    CguiSetMouseInput
    CguiSetToolTipAnimation
    CguiSetToolTipDelay
    CguiUseIcons
    CguiUseUTF8
    cgui_use_vsync DATA
    cgui_ver DATA
    CguiYieldTimeslice
    CheckDate
    CheckWinClip
    Click
    CloseWin
    ConditionalRefresh
    continous_update_resize DATA
    CreateNewDataFile
    CreateTabWindow
    CurrentWindow
    Date2String
    DeActivate
    DeInitCgui
    DeleteTree
    DesktopImage
    Destroy
    DestroyTexts
    DisplayWin
    Dos2Win
    EmptyContainer
    EndContainer
    EndMenuBar
    EndRadioContainer
    event_message_buffer_size DATA
    FileManager
    FileSelect
    FlipRulerTab
    FlushGenEvents
    GenEvent
    GetCguiFixFont
    GetCguiFont
    GetCurrentFocus
    GetEditData
    GetFromWinClip
    GetListIndex
    GetMarkedRows
    GetObjectPosition
    GetPressedButton
    GetRegisteredImage
    GetRulerTabList
    GetSizeOffset
    GetWinInfo
    HidePointer
    HookCguiDeInit
    HookExit
    HookLeaveTab
    HookList
    HookMenuClose
    HookSpinButtons
    InitCguiEx
    InsertIntoWinClip
    InsertPoint
    InstallBelowListEndCallBack
    InstallCursor
    InstallKBHandler
    Invite
    IsHotKey
    JoinTabChain
    KillEvent
    ListTreeSetNodeExpandedState
    ListTreeSetNodesExpandedState
    ListTreeView
    LoadCompiledTexts
    LoadTexts
    LongHalf
    MakeHalf
    MakeMenuBar
    MakeStretchable
    MkCanvas
    MkDialogue
    MkDir
    MkGroove
    MkHorizontalBrowser
    MkMenu
    MkMenuBarItem
    MkMenuCheck
    MkMenuItem
    MkMenuRadio
    MkProgressWindow
    MkRadioContainer
    MkScratchMenu
    MkSingleMenu
    MkString
    MkTextPointer
    MkVerticalBrowser
    ModifyHeader
    msprintf
    NameCase
    NotifyBrowser
    NotifyFocusMove
    ObjectApearance
    OverlayPointer
    PointerLocation
    PointerOn
    PrintFloatingConversion
    ProcessEvents
    ReBuildContainer
    RedrawScreen
    Refresh
    RefreshListRow
    RegisterConversionHandler
    RegisterDragFlag
    RegisterFileType
    RegisterImage
    RegisterRefresh
    Release
    Remove
    RemoveOverlayPointer
    Req
    Request
    SaveDatafileObject
    ScrMode
    SelectContainer
    SelectCursor
    SetBlitLimit
    SetBrowserSize
    SetCguiFont
    SetDateForm
    SetDeleteHandler
    SetDistance
    SetEditData
    SetFocusOn
    SetHotKey
    SetIndexedList
    SetInsertHandler
    SetLinkedList
    SetListColumns
    SetListDoubleClick
    SetListDroppable
    SetListGrippable
    SetMeasure
    SetMouseButtons
    SetMousePos
    SetObjectDouble
    SetObjectDroppable
    SetObjectGrippable
    SetObjectSlidable
    SetOperatingWindow
    SetSizeOffset
    SetSpacing
    SetView
    SetWindowPosition
    ShowPointer
    SimulateHotKeys
    Sound
    StartContainer
    StopProcessEvents
    String2Date
    TabOnCR
    TextboxGetHighlightedText
    TextboxHighlighting
    TextboxScrollDownOneLine
    ToolTipText
    ToUpper
    UnHookCguiDeInit
    UnInstallKBHandler
    UnPackSelection
    UnRegisterDragFlag
    UpdateProgressValue
    UpdateTextBoxText
    UseHotKeys
    Win2Dos
